Key   Type    Hash
ConfigVersion	Type String	3740507785
Controller.Motor1.CurrentController.DSide.Kb	Type float	21236818
Controller.Motor1.CurrentController.DSide.Kd	Type float	4215538400
Controller.Motor1.CurrentController.DSide.Ki	Type float	138680151
Controller.Motor1.CurrentController.DSide.Kp	Type float	256123484
Controller.Motor1.CurrentController.DSide.UpSat	Type float	1673538246
Controller.Motor1.CurrentController.IIRFilter.a1	Type double	1175950826
Controller.Motor1.CurrentController.IIRFilter.b0	Type double	756657446
Controller.Motor1.CurrentController.IIRFilter.b1	Type float	773435065
Controller.Motor1.CurrentController.QSide.Kb	Type float	388584543
Controller.Motor1.CurrentController.QSide.Kd	Type float	355029305
Controller.Motor1.CurrentController.QSide.Ki	Type float	539583114
Controller.Motor1.CurrentController.QSide.Kp	Type float	690581685
Controller.Motor1.CurrentController.QSide.UpSat	Type float	4085529229
Controller.Motor1.MaxAcceleration	Type float	2672486153
Controller.Motor1.MaxJerk	Type float	89550707
Controller.Motor1.MaxTorque	Type float	2281104879
Controller.Motor1.MaxVelocity	Type float	2130037782
Controller.Motor1.NegativePositionLimit	Type float	1944397996
Controller.Motor1.PosController.FFAccelGain	Type float	1009602056
Controller.Motor1.PosController.FFJerkGain	Type float	1446357844
Controller.Motor1.PosController.FFVelocityGain	Type float	3439848753
Controller.Motor1.PosController.Kp	Type float	1422357146
Controller.Motor1.PositivePositionLimit	Type float	4240646812
Controller.Motor1.VelocityController.IIRFilter.a1	Type float	2969429890
Controller.Motor1.VelocityController.IIRFilter.b0	Type float	3087020318
Controller.Motor1.VelocityController.IIRFilter.b1	Type float	3103797937
Controller.Motor1.VelocityController.Ki	Type double	1659945260
Controller.Motor1.VelocityController.Kp	Type double	2079385735
Controller.Motor1.VelocityController.PreFilterFrequency	Type float	3400605223
Controller.Motor1.VelocityController.UsePreFilter	Type Boolean	2807113018
DigitalOutputs[0].description	Type String	3997439779
DigitalOutputs[0].name	Type String	3663768396
DigitalOutputs[0].port	Type UInt32	4234035992
DigitalOutputs[0].state	Type UInt32	2891985504
DigitalOutputs[1].description	Type String	4155049242
DigitalOutputs[1].name	Type String	1312541011
DigitalOutputs[1].port	Type UInt32	3859039851
DigitalOutputs[1].state	Type UInt32	179410853
DigitalOutputs[2].description	Type String	2542259685
DigitalOutputs[2].name	Type String	1401414522
DigitalOutputs[2].port	Type UInt32	1946907874
DigitalOutputs[2].state	Type UInt32	2046994866
NetworkSettings.DNS[0]	Type String	443647881
NetworkSettings.DNS[1]	Type String	3597884180
NetworkSettings.Gateway	Type String	3356299212
NetworkSettings.IPAddress	Type String	3327779537
NetworkSettings.SubnetMask	Type String	3284521935
NetworkSettings.UseDHCP	Type Boolean	19002466
Plant.Motors[0].Fs	Type double	1688967137
Plant.Motors[0].J	Type double	2790830844
Plant.Motors[0].Kemf	Type double	3343771133
Plant.Motors[0].Ktq	Type double	3298304752
Plant.Motors[0].Ld	Type double	1771869494
Plant.Motors[0].Lq	Type double	1587315685
Plant.Motors[0].PeakTorque	Type double	3458649115
Plant.Motors[0].Rs	Type double	1552774709
Plant.Motors[0].b	Type float	3461935604
Plant.Motors[0].index	Type UInt32	3239261378
Plant.Motors[0].name	Type String	4160320317
Plant.Motors[0].p	Type UInt32	3227048938
Plant.Motors[1].Fs	Type double	2694601742
Plant.Motors[1].J	Type double	3517417197
Plant.Motors[1].Kemf	Type double	4094165842
Plant.Motors[1].Ktq	Type double	4186509185
Plant.Motors[1].Ld	Type double	3081369549
Plant.Motors[1].Lq	Type double	2729039550
Plant.Motors[1].PeakTorque	Type double	375356472
Plant.Motors[1].Rs	Type double	2558409314
Plant.Motors[1].b	Type float	2846312437
Plant.Motors[1].index	Type UInt32	3358108443
Plant.Motors[1].name	Type String	345371734
Plant.Motors[1].p	Type UInt32	2544315295
PowerSupply.DCBusVoltage	Type float	2975193864
SystemClockFrequency	Type UInt32	553535708
Testing.test1.NumberOfSteps	Type UInt32	3763052383
Testing.test1.Steps[0]	Type float	2990802335
Testing.test1.Steps[1]	Type float	4131827522
Testing.test1.Steps[2]	Type double	4131974617
Testing.test1.Steps[3]	Type double	2991243620
Testing.test1.Steps[4]	Type float	4065158331
Testing.test1.Steps[5]	Type double	4132415902
Ts	Type double	1173724304
UART1.BaudRate	Type UInt32	2485881796
UART1.DataBits	Type UInt32	4062047686
UART1.FlowControl	Type UInt32	2180727143
UART1.Parity	Type UInt32	565918775
UART1.ReadTimeout	Type UInt32	2896442697
UART1.StopBits	Type UInt32	1906130078
UART1.WriteTimeout	Type UInt32	691488796
UART2.BaudRate	Type UInt32	1003050715
UART2.DataBits	Type UInt32	1989429485
UART2.FlowControl	Type UInt32	61592346
UART2.Parity	Type UInt32	3189432376
UART2.ReadTimeout	Type UInt32	515580492
UART2.StopBits	Type UInt32	3369312957
UART2.WriteTimeout	Type UInt32	740059371
author	Type String	1333443158
created	Type String	837645499
description	Type String	879704937
digitalInputs[0].description	Type String	3351431324
digitalInputs[0].port	Type UInt32	823774837
digitalInputs[0].state	Type UInt32	3564538799
digitalInputs[1].description	Type String	405611157
digitalInputs[1].port	Type UInt32	2564720658
digitalInputs[1].state	Type UInt32	3312907266
environment	Type String	1072573434
last_modified	Type String	772177145
phoenix_date	Type Date	2893753317
test_date_time	Type DateTime	1537611822
test_time	Type Time	2233933767
title	Type String	2556802313
version	Type String	1181855383
